&&&& RUNNING TensorRT.trtexec # /usr/src/tensorrt/bin/trtexec --loadEngine=/home/jetson/Desktop/JetsonNanoTracking/pytracking/pretrained_network/resnet18_vggmconv1/resnet18_vggmconv1_otb_dual_large_fp16.engine --shapes=input:1x3x96x96 --iterations=1 --duration=1
[04/29/2026-11:43:38] [I] === Model Options ===
[04/29/2026-11:43:38] [I] Format: *
[04/29/2026-11:43:38] [I] Model: 
[04/29/2026-11:43:38] [I] Output:
[04/29/2026-11:43:38] [I] === Build Options ===
[04/29/2026-11:43:38] [I] Max batch: explicit
[04/29/2026-11:43:38] [I] Workspace: 16 MB
[04/29/2026-11:43:38] [I] minTiming: 1
[04/29/2026-11:43:38] [I] avgTiming: 8
[04/29/2026-11:43:38] [I] Precision: FP32
[04/29/2026-11:43:38] [I] Calibration: 
[04/29/2026-11:43:38] [I] Safe mode: Disabled
[04/29/2026-11:43:38] [I] Save engine: 
[04/29/2026-11:43:38] [I] Load engine: /home/jetson/Desktop/JetsonNanoTracking/pytracking/pretrained_network/resnet18_vggmconv1/resnet18_vggmconv1_otb_dual_large_fp16.engine
[04/29/2026-11:43:38] [I] Builder Cache: Enabled
[04/29/2026-11:43:38] [I] NVTX verbosity: 0
[04/29/2026-11:43:38] [I] Inputs format: fp32:CHW
[04/29/2026-11:43:38] [I] Outputs format: fp32:CHW
[04/29/2026-11:43:38] [I] Input build shape: input=1x3x96x96+1x3x96x96+1x3x96x96
[04/29/2026-11:43:38] [I] Input calibration shapes: model
[04/29/2026-11:43:38] [I] === System Options ===
[04/29/2026-11:43:38] [I] Device: 0
[04/29/2026-11:43:38] [I] DLACore: 
[04/29/2026-11:43:38] [I] Plugins:
[04/29/2026-11:43:38] [I] === Inference Options ===
[04/29/2026-11:43:38] [I] Batch: Explicit
[04/29/2026-11:43:38] [I] Input inference shape: input=1x3x96x96
[04/29/2026-11:43:38] [I] Iterations: 1
[04/29/2026-11:43:38] [I] Duration: 1s (+ 200ms warm up)
[04/29/2026-11:43:38] [I] Sleep time: 0ms
[04/29/2026-11:43:38] [I] Streams: 1
[04/29/2026-11:43:38] [I] ExposeDMA: Disabled
[04/29/2026-11:43:38] [I] Spin-wait: Disabled
[04/29/2026-11:43:38] [I] Multithreading: Disabled
[04/29/2026-11:43:38] [I] CUDA Graph: Disabled
[04/29/2026-11:43:38] [I] Skip inference: Disabled
[04/29/2026-11:43:38] [I] Inputs:
[04/29/2026-11:43:38] [I] === Reporting Options ===
[04/29/2026-11:43:38] [I] Verbose: Disabled
[04/29/2026-11:43:38] [I] Averages: 10 inferences
[04/29/2026-11:43:38] [I] Percentile: 99
[04/29/2026-11:43:38] [I] Dump output: Disabled
[04/29/2026-11:43:38] [I] Profile: Disabled
[04/29/2026-11:43:38] [I] Export timing to JSON file: 
[04/29/2026-11:43:38] [I] Export output to JSON file: 
[04/29/2026-11:43:38] [I] Export profile to JSON file: 
[04/29/2026-11:43:38] [I] 
[04/29/2026-11:43:43] [I] Starting inference threads
[04/29/2026-11:43:45] [I] Warmup completed 0 queries over 200 ms
[04/29/2026-11:43:45] [I] Timing trace has 0 queries over 1.00523 s
[04/29/2026-11:43:45] [I] Trace averages of 10 runs:
[04/29/2026-11:43:45] [I] Average on 10 runs - GPU latency: 3.51106 ms - Host latency: 3.62351 ms (end to end 3.64501 ms, enqueue 0.820332 ms)
[04/29/2026-11:43:45] [I] Average on 10 runs - GPU latency: 3.00042 ms - Host latency: 3.11064 ms (end to end 3.17261 ms, enqueue 0.837665 ms)
[04/29/2026-11:43:45] [I] Average on 10 runs - GPU latency: 3.12466 ms - Host latency: 3.25159 ms (end to end 3.2979 ms, enqueue 1.08141 ms)
[04/29/2026-11:43:45] [I] Average on 10 runs - GPU latency: 2.99364 ms - Host latency: 3.10221 ms (end to end 3.15601 ms, enqueue 0.819717 ms)
[04/29/2026-11:43:45] [I] Average on 10 runs - GPU latency: 2.98404 ms - Host latency: 3.09182 ms (end to end 3.10058 ms, enqueue 0.699222 ms)
[04/29/2026-11:43:45] [I] Average on 10 runs - GPU latency: 2.99016 ms - Host latency: 3.09618 ms (end to end 3.105 ms, enqueue 0.749243 ms)
[04/29/2026-11:43:45] [I] Average on 10 runs - GPU latency: 2.98069 ms - Host latency: 3.08655 ms (end to end 3.09532 ms, enqueue 0.762933 ms)
[04/29/2026-11:43:45] [I] Average on 10 runs - GPU latency: 2.964 ms - Host latency: 3.06971 ms (end to end 3.07863 ms, enqueue 0.766208 ms)
[04/29/2026-11:43:45] [I] Average on 10 runs - GPU latency: 2.98288 ms - Host latency: 3.08899 ms (end to end 3.09794 ms, enqueue 0.928156 ms)
[04/29/2026-11:43:45] [I] Average on 10 runs - GPU latency: 2.97966 ms - Host latency: 3.08621 ms (end to end 3.09506 ms, enqueue 0.775998 ms)
[04/29/2026-11:43:45] [I] Average on 10 runs - GPU latency: 2.97379 ms - Host latency: 3.07943 ms (end to end 3.08828 ms, enqueue 0.911993 ms)
[04/29/2026-11:43:45] [I] Average on 10 runs - GPU latency: 2.96305 ms - Host latency: 3.06866 ms (end to end 3.07753 ms, enqueue 1.08881 ms)
[04/29/2026-11:43:45] [I] Average on 10 runs - GPU latency: 2.96182 ms - Host latency: 3.06728 ms (end to end 3.07581 ms, enqueue 1.15062 ms)
[04/29/2026-11:43:45] [I] Average on 10 runs - GPU latency: 2.98953 ms - Host latency: 3.09641 ms (end to end 3.11259 ms, enqueue 1.01415 ms)
[04/29/2026-11:43:45] [I] Average on 10 runs - GPU latency: 2.99058 ms - Host latency: 3.09762 ms (end to end 3.11748 ms, enqueue 0.74682 ms)
[04/29/2026-11:43:45] [I] Average on 10 runs - GPU latency: 2.98701 ms - Host latency: 3.09423 ms (end to end 3.11409 ms, enqueue 0.693732 ms)
[04/29/2026-11:43:45] [I] Average on 10 runs - GPU latency: 2.99221 ms - Host latency: 3.09991 ms (end to end 3.11991 ms, enqueue 0.638532 ms)
[04/29/2026-11:43:45] [I] Average on 10 runs - GPU latency: 3.0008 ms - Host latency: 3.10883 ms (end to end 3.12889 ms, enqueue 0.644067 ms)
[04/29/2026-11:43:45] [I] Average on 10 runs - GPU latency: 2.98721 ms - Host latency: 3.09464 ms (end to end 3.11486 ms, enqueue 0.643579 ms)
[04/29/2026-11:43:45] [I] Average on 10 runs - GPU latency: 2.99678 ms - Host latency: 3.1043 ms (end to end 3.1249 ms, enqueue 0.662335 ms)
[04/29/2026-11:43:45] [I] Average on 10 runs - GPU latency: 2.99583 ms - Host latency: 3.10651 ms (end to end 3.11548 ms, enqueue 0.791504 ms)
[04/29/2026-11:43:45] [I] Average on 10 runs - GPU latency: 3.05723 ms - Host latency: 3.16683 ms (end to end 3.18467 ms, enqueue 0.791809 ms)
[04/29/2026-11:43:45] [I] Average on 10 runs - GPU latency: 2.98916 ms - Host latency: 3.09721 ms (end to end 3.10599 ms, enqueue 0.800995 ms)
[04/29/2026-11:43:45] [I] Average on 10 runs - GPU latency: 2.98027 ms - Host latency: 3.08654 ms (end to end 3.09533 ms, enqueue 0.769708 ms)
[04/29/2026-11:43:45] [I] Average on 10 runs - GPU latency: 2.97686 ms - Host latency: 3.08237 ms (end to end 3.09135 ms, enqueue 0.697742 ms)
[04/29/2026-11:43:45] [I] Average on 10 runs - GPU latency: 2.98096 ms - Host latency: 3.08723 ms (end to end 3.09613 ms, enqueue 0.767889 ms)
[04/29/2026-11:43:45] [I] Average on 10 runs - GPU latency: 2.96927 ms - Host latency: 3.07542 ms (end to end 3.08417 ms, enqueue 0.702203 ms)
[04/29/2026-11:43:45] [I] Average on 10 runs - GPU latency: 2.98007 ms - Host latency: 3.08763 ms (end to end 3.09636 ms, enqueue 0.922083 ms)
[04/29/2026-11:43:45] [I] Average on 10 runs - GPU latency: 2.96454 ms - Host latency: 3.0702 ms (end to end 3.07898 ms, enqueue 1.00681 ms)
[04/29/2026-11:43:45] [I] Average on 10 runs - GPU latency: 2.97057 ms - Host latency: 3.07615 ms (end to end 3.08502 ms, enqueue 0.806506 ms)
[04/29/2026-11:43:45] [I] Average on 10 runs - GPU latency: 2.98274 ms - Host latency: 3.08853 ms (end to end 3.0975 ms, enqueue 0.958264 ms)
[04/29/2026-11:43:45] [I] Average on 10 runs - GPU latency: 2.98585 ms - Host latency: 3.09301 ms (end to end 3.10812 ms, enqueue 0.74248 ms)
[04/29/2026-11:43:45] [I] Host Latency
[04/29/2026-11:43:45] [I] min: 3.02454 ms (end to end 3.03271 ms)
[04/29/2026-11:43:45] [I] max: 3.9584 ms (end to end 3.98079 ms)
[04/29/2026-11:43:45] [I] mean: 3.11354 ms (end to end 3.12982 ms)
[04/29/2026-11:43:45] [I] median: 3.09103 ms (end to end 3.10367 ms)
[04/29/2026-11:43:45] [I] percentile: 3.93918 ms at 99% (end to end 3.96111 ms at 99%)
[04/29/2026-11:43:45] [I] throughput: 0 qps
[04/29/2026-11:43:45] [I] walltime: 1.00523 s
[04/29/2026-11:43:45] [I] Enqueue Time
[04/29/2026-11:43:45] [I] min: 0.55365 ms
[04/29/2026-11:43:45] [I] max: 2.01855 ms
[04/29/2026-11:43:45] [I] median: 0.755249 ms
[04/29/2026-11:43:45] [I] GPU Compute
[04/29/2026-11:43:45] [I] min: 2.91846 ms
[04/29/2026-11:43:45] [I] max: 3.84267 ms
[04/29/2026-11:43:45] [I] mean: 3.00576 ms
[04/29/2026-11:43:45] [I] median: 2.98456 ms
[04/29/2026-11:43:45] [I] percentile: 3.82333 ms at 99%
[04/29/2026-11:43:45] [I] total compute time: 0.964848 s
&&&& PASSED TensorRT.trtexec # /usr/src/tensorrt/bin/trtexec --loadEngine=/home/jetson/Desktop/JetsonNanoTracking/pytracking/pretrained_network/resnet18_vggmconv1/resnet18_vggmconv1_otb_dual_large_fp16.engine --shapes=input:1x3x96x96 --iterations=1 --duration=1
